client/src/pages/Admin.tsx(176,41): error TS2345: Argument of type 'string' is not assignable to parameter of type 'SetStateAction<AdminTab>'.
client/src/pages/Register.tsx(65,66): error TS1501: This regular expression flag is only available when targeting 'es6' or later.
server/routes.ts(176,5): error TS2322: Type 'Hideable<CallbackButton>' is not assignable to type 'Hideable<UrlButton>'.
  Property 'url' is missing in type 'Hideable<CallbackButton>' but required in type 'UrlButton'.
server/routes.ts(247,34): error TS2802: Type 'Map<string, number>' can only be iterated through when using the '--downlevelIteration' flag or with a '--target' of 'es2015' or higher.
server/routes.ts(374,66): error TS1501: This regular expression flag is only available when targeting 'es6' or later.
server/routes.ts(604,24): error TS2802: Type 'Set<string>' can only be iterated through when using the '--downlevelIteration' flag or with a '--target' of 'es2015' or higher.
server/routes.ts(647,7): error TS2353: Object literal may only specify known properties, and 'isAdmin' does not exist in type '{ telegramId?: string | null | undefined; login?: string | null | undefined; username?: string | null | undefined; firstName?: string | null | undefined; lastName?: string | null | undefined; ... 23 more ...; rejectionReason?: string | ... 1 more ... | undefined; }'.
server/routes.ts(664,7): error TS2353: Object literal may only specify known properties, and 'isAdmin' does not exist in type 'Partial<{ telegramId?: string | null | undefined; login?: string | null | undefined; username?: string | null | undefined; firstName?: string | null | undefined; lastName?: string | null | undefined; ... 23 more ...; rejectionReason?: string | ... 1 more ... | undefined; }>'.
server/routes.ts(683,7): error TS2353: Object literal may only specify known properties, and 'isAdmin' does not exist in type '{ telegramId?: string | null | undefined; login?: string | null | undefined; username?: string | null | undefined; firstName?: string | null | undefined; lastName?: string | null | undefined; ... 23 more ...; rejectionReason?: string | ... 1 more ... | undefined; }'.
server/routes.ts(692,7): error TS2353: Object literal may only specify known properties, and 'isAdmin' does not exist in type 'Partial<{ telegramId?: string | null | undefined; login?: string | null | undefined; username?: string | null | undefined; firstName?: string | null | undefined; lastName?: string | null | undefined; ... 23 more ...; rejectionReason?: string | ... 1 more ... | undefined; }>'.
server/routes.ts(1010,12): error TS2769: No overload matches this call.
  Overload 1 of 2, '(filters: MaybeArray<UpdateType | Guard<Update>>, fns_0: Middleware<NarrowedContext<Context<Update>, MessageUpdate<Message>> | ... 17 more ... | NarrowedContext<...>>, ...fns: Middleware<...>[]): Telegraf<...>', gave the following error.
    Argument of type '"update"' is not assignable to parameter of type 'MaybeArray<UpdateType | Guard<Update>>'.
  Overload 2 of 2, '(filters: MaybeArray<"text" | "photo" | "message" | "poll" | "callback_query" | "channel_post" | "chat_member" | "chosen_inline_result" | "edited_channel_post" | "message_reaction" | "message_reaction_count" | ... 59 more ... | "venue">, fns_0: Middleware<...>, ...fns: Middleware<...>[]): Telegraf<...>', gave the following error.
    Argument of type '"update"' is not assignable to parameter of type 'MaybeArray<"text" | "photo" | "message" | "poll" | "callback_query" | "channel_post" | "chat_member" | "chosen_inline_result" | "edited_channel_post" | "message_reaction" | "message_reaction_count" | ... 59 more ... | "venue">'.
server/routes.ts(1011,20): error TS2345: Argument of type 'Update' is not assignable to parameter of type 'Record<string, unknown>'.
  Type 'CallbackQueryUpdate<CallbackQuery>' is not assignable to type 'Record<string, unknown>'.
    Index signature for type 'string' is missing in type 'CallbackQueryUpdate<CallbackQuery>'.
server/routes.ts(1100,47): error TS2339: Property 'data' does not exist on type 'CallbackQuery'.
  Property 'data' does not exist on type 'GameQuery'.
server/routes.ts(1173,9): error TS18047: 'bot' is possibly 'null'.
server/routes.ts(1175,13): error TS2561: Object literal may only specify known properties, but 'menu_button' does not exist in type '{ chatId?: number | undefined; menuButton?: MenuButton | undefined; }'. Did you mean to write 'menuButton'?
server/routes.ts(1494,175): error TS2345: Argument of type 'string' is not assignable to parameter of type '"ACTIVE" | "DONE" | "CANNOT_DO" | "PENDING" | "WILL_DO"'.
server/routes.ts(1498,53): error TS2345: Argument of type 'string' is not assignable to parameter of type '"ACTIVE" | "DONE" | "CANNOT_DO" | "PENDING" | "WILL_DO"'.
server/routes.ts(1601,39): error TS2339: Property 'data' does not exist on type 'CallbackQuery'.
  Property 'data' does not exist on type 'GameQuery'.
server/routes.ts(1858,7): error TS2322: Type 'Telegraf<Context<Update>>' is not assignable to type 'TelegramBotLike'.
  Types of property 'launch' are incompatible.
    Type '{ (onLaunch?: (() => void) | undefined): Promise<void>; (config: LaunchOptions, onLaunch?: (() => void) | undefined): Promise<void>; }' is not assignable to type '(options: { polling: { timeout: number; }; }) => Promise<void>'.
      Types of parameters 'onLaunch' and 'options' are incompatible.
        Type '{ polling: { timeout: number; }; }' is not assignable to type '() => void'.
          Type '{ polling: { timeout: number; }; }' provides no match for the signature '(): void'.
server/routes.ts(2216,27): error TS2339: Property 'username' does not exist on type '{ login: string; firstName: string; phone: string; region: string; district: string; mahalla: string; birthDate: string; direction: string; password: string; lastName?: string | undefined; }'.
server/routes.ts(2224,25): error TS2339: Property 'shahar' does not exist on type '{ login: string; firstName: string; phone: string; region: string; district: string; mahalla: string; birthDate: string; direction: string; password: string; lastName?: string | undefined; }'.
server/routes.ts(2226,26): error TS2339: Property 'address' does not exist on type '{ login: string; firstName: string; phone: string; region: string; district: string; mahalla: string; birthDate: string; direction: string; password: string; lastName?: string | undefined; }'.
server/routes.ts(2269,25): error TS2339: Property 'username' does not exist on type '{ login: string; firstName: string; phone: string; region: string; district: string; mahalla: string; birthDate: string; direction: string; password: string; lastName?: string | undefined; }'.
server/routes.ts(2277,23): error TS2339: Property 'shahar' does not exist on type '{ login: string; firstName: string; phone: string; region: string; district: string; mahalla: string; birthDate: string; direction: string; password: string; lastName?: string | undefined; }'.
server/routes.ts(2279,24): error TS2339: Property 'address' does not exist on type '{ login: string; firstName: string; phone: string; region: string; district: string; mahalla: string; birthDate: string; direction: string; password: string; lastName?: string | undefined; }'.
server/routes.ts(2284,9): error TS2353: Object literal may only specify known properties, and 'isAdmin' does not exist in type '{ telegramId?: string | null | undefined; login?: string | null | undefined; username?: string | null | undefined; firstName?: string | null | undefined; lastName?: string | null | undefined; ... 23 more ...; rejectionReason?: string | ... 1 more ... | undefined; }'.
server/routes.ts(2344,65): error TS2345: Argument of type 'string | string[]' is not assignable to parameter of type 'string'.
  Type 'string[]' is not assignable to type 'string'.
server/routes.ts(2430,37): error TS2345: Argument of type 'string | string[]' is not assignable to parameter of type 'string'.
  Type 'string[]' is not assignable to type 'string'.
server/routes.ts(2590,20): error TS2345: Argument of type 'string | string[]' is not assignable to parameter of type 'string'.
  Type 'string[]' is not assignable to type 'string'.
server/routes.ts(2741,53): error TS2345: Argument of type 'string | string[]' is not assignable to parameter of type 'string'.
  Type 'string[]' is not assignable to type 'string'.
server/routes.ts(2977,69): error TS2345: Argument of type 'string | string[]' is not assignable to parameter of type 'string'.
  Type 'string[]' is not assignable to type 'string'.
server/routes.ts(2999,52): error TS2345: Argument of type 'string | string[]' is not assignable to parameter of type 'string'.
  Type 'string[]' is not assignable to type 'string'.
server/routes.ts(3004,28): error TS2345: Argument of type 'string | string[]' is not assignable to parameter of type 'string'.
  Type 'string[]' is not assignable to type 'string'.
server/routes.ts(3252,27): error TS2345: Argument of type 'string | string[]' is not assignable to parameter of type 'string'.
  Type 'string[]' is not assignable to type 'string'.
server/routes.ts(3313,9): error TS2353: Object literal may only specify known properties, and 'isAdmin' does not exist in type 'Partial<{ telegramId?: string | null | undefined; login?: string | null | undefined; username?: string | null | undefined; firstName?: string | null | undefined; lastName?: string | null | undefined; ... 23 more ...; rejectionReason?: string | ... 1 more ... | undefined; }>'.
server/routes.ts(3405,11): error TS2353: Object literal may only specify known properties, and 'isAdmin' does not exist in type 'Partial<{ telegramId?: string | null | undefined; login?: string | null | undefined; username?: string | null | undefined; firstName?: string | null | undefined; lastName?: string | null | undefined; ... 23 more ...; rejectionReason?: string | ... 1 more ... | undefined; }>'.
server/routes.ts(3418,7): error TS2353: Object literal may only specify known properties, and 'isAdmin' does not exist in type '{ telegramId?: string | null | undefined; login?: string | null | undefined; username?: string | null | undefined; firstName?: string | null | undefined; lastName?: string | null | undefined; ... 23 more ...; rejectionReason?: string | ... 1 more ... | undefined; }'.
server/routes.ts(3439,5): error TS2353: Object literal may only specify known properties, and 'isAdmin' does not exist in type '{ telegramId?: string | null | undefined; login?: string | null | undefined; username?: string | null | undefined; firstName?: string | null | undefined; lastName?: string | null | undefined; ... 23 more ...; rejectionReason?: string | ... 1 more ... | undefined; }'.
server/storage.ts(58,29): error TS1501: This regular expression flag is only available when targeting 'es6' or later.
server/storage.ts(359,27): error TS2339: Property 'length' does not exist on type 'never'.
server/storage.ts(446,7): error TS2740: Type 'Omit<PgSelectBase<"users", { id: PgColumn<{ name: "id"; tableName: "users"; dataType: "number"; columnType: "PgSerial"; data: number; driverParam: number; notNull: true; hasDefault: true; isPrimaryKey: true; isAutoincrement: false; ... 4 more ...; generated: undefined; }, {}, {}>; ... 31 more ...; updatedAt: PgColum...' is missing the following properties from type 'PgSelectBase<"users", { id: PgColumn<{ name: "id"; tableName: "users"; dataType: "number"; columnType: "PgSerial"; data: number; driverParam: number; notNull: true; hasDefault: true; isPrimaryKey: true; isAutoincrement: false; ... 4 more ...; generated: undefined; }, {}, {}>; ... 31 more ...; updatedAt: PgColumn<......': config, joinsNotNullableMap, tableName, isPartialSelect, and 5 more.
server/storage.ts(448,5): error TS2740: Type 'Omit<PgSelectBase<"users", { id: PgColumn<{ name: "id"; tableName: "users"; dataType: "number"; columnType: "PgSerial"; data: number; driverParam: number; notNull: true; hasDefault: true; isPrimaryKey: true; isAutoincrement: false; ... 4 more ...; generated: undefined; }, {}, {}>; ... 31 more ...; updatedAt: PgColum...' is missing the following properties from type 'PgSelectBase<"users", { id: PgColumn<{ name: "id"; tableName: "users"; dataType: "number"; columnType: "PgSerial"; data: number; driverParam: number; notNull: true; hasDefault: true; isPrimaryKey: true; isAutoincrement: false; ... 4 more ...; generated: undefined; }, {}, {}>; ... 31 more ...; updatedAt: PgColumn<......': config, joinsNotNullableMap, tableName, isPartialSelect, and 5 more.
server/storage.ts(450,7): error TS2740: Type 'Omit<PgSelectBase<"users", { id: PgColumn<{ name: "id"; tableName: "users"; dataType: "number"; columnType: "PgSerial"; data: number; driverParam: number; notNull: true; hasDefault: true; isPrimaryKey: true; isAutoincrement: false; ... 4 more ...; generated: undefined; }, {}, {}>; ... 31 more ...; updatedAt: PgColum...' is missing the following properties from type 'PgSelectBase<"users", { id: PgColumn<{ name: "id"; tableName: "users"; dataType: "number"; columnType: "PgSerial"; data: number; driverParam: number; notNull: true; hasDefault: true; isPrimaryKey: true; isAutoincrement: false; ... 4 more ...; generated: undefined; }, {}, {}>; ... 31 more ...; updatedAt: PgColumn<......': config, joinsNotNullableMap, tableName, isPartialSelect, and 5 more.
server/storage.ts(453,7): error TS2740: Type 'Omit<PgSelectBase<"users", { id: PgColumn<{ name: "id"; tableName: "users"; dataType: "number"; columnType: "PgSerial"; data: number; driverParam: number; notNull: true; hasDefault: true; isPrimaryKey: true; isAutoincrement: false; ... 4 more ...; generated: undefined; }, {}, {}>; ... 31 more ...; updatedAt: PgColum...' is missing the following properties from type 'PgSelectBase<"users", { id: PgColumn<{ name: "id"; tableName: "users"; dataType: "number"; columnType: "PgSerial"; data: number; driverParam: number; notNull: true; hasDefault: true; isPrimaryKey: true; isAutoincrement: false; ... 4 more ...; generated: undefined; }, {}, {}>; ... 31 more ...; updatedAt: PgColumn<......': config, joinsNotNullableMap, tableName, isPartialSelect, and 5 more.
server/storage.ts(522,9): error TS2740: Type 'Omit<PgSelectBase<"users", { id: PgColumn<{ name: "id"; tableName: "users"; dataType: "number"; columnType: "PgSerial"; data: number; driverParam: number; notNull: true; hasDefault: true; isPrimaryKey: true; isAutoincrement: false; ... 4 more ...; generated: undefined; }, {}, {}>; ... 31 more ...; updatedAt: PgColum...' is missing the following properties from type 'PgSelectBase<"users", { id: PgColumn<{ name: "id"; tableName: "users"; dataType: "number"; columnType: "PgSerial"; data: number; driverParam: number; notNull: true; hasDefault: true; isPrimaryKey: true; isAutoincrement: false; ... 4 more ...; generated: undefined; }, {}, {}>; ... 31 more ...; updatedAt: PgColumn<......': config, joinsNotNullableMap, tableName, isPartialSelect, and 5 more.
server/storage.ts(684,7): error TS2740: Type 'Omit<PgSelectBase<"users", { id: PgColumn<{ name: "id"; tableName: "users"; dataType: "number"; columnType: "PgSerial"; data: number; driverParam: number; notNull: true; hasDefault: true; isPrimaryKey: true; isAutoincrement: false; ... 4 more ...; generated: undefined; }, {}, {}>; ... 31 more ...; updatedAt: PgColum...' is missing the following properties from type 'PgSelectBase<"users", { id: PgColumn<{ name: "id"; tableName: "users"; dataType: "number"; columnType: "PgSerial"; data: number; driverParam: number; notNull: true; hasDefault: true; isPrimaryKey: true; isAutoincrement: false; ... 4 more ...; generated: undefined; }, {}, {}>; ... 31 more ...; updatedAt: PgColumn<......': config, joinsNotNullableMap, tableName, isPartialSelect, and 5 more.
server/storage.ts(686,7): error TS2740: Type 'Omit<PgSelectBase<"users", { id: PgColumn<{ name: "id"; tableName: "users"; dataType: "number"; columnType: "PgSerial"; data: number; driverParam: number; notNull: true; hasDefault: true; isPrimaryKey: true; isAutoincrement: false; ... 4 more ...; generated: undefined; }, {}, {}>; ... 31 more ...; updatedAt: PgColum...' is missing the following properties from type 'PgSelectBase<"users", { id: PgColumn<{ name: "id"; tableName: "users"; dataType: "number"; columnType: "PgSerial"; data: number; driverParam: number; notNull: true; hasDefault: true; isPrimaryKey: true; isAutoincrement: false; ... 4 more ...; generated: undefined; }, {}, {}>; ... 31 more ...; updatedAt: PgColumn<......': config, joinsNotNullableMap, tableName, isPartialSelect, and 5 more.
server/storage.ts(688,7): error TS2740: Type 'Omit<PgSelectBase<"users", { id: PgColumn<{ name: "id"; tableName: "users"; dataType: "number"; columnType: "PgSerial"; data: number; driverParam: number; notNull: true; hasDefault: true; isPrimaryKey: true; isAutoincrement: false; ... 4 more ...; generated: undefined; }, {}, {}>; ... 31 more ...; updatedAt: PgColum...' is missing the following properties from type 'PgSelectBase<"users", { id: PgColumn<{ name: "id"; tableName: "users"; dataType: "number"; columnType: "PgSerial"; data: number; driverParam: number; notNull: true; hasDefault: true; isPrimaryKey: true; isAutoincrement: false; ... 4 more ...; generated: undefined; }, {}, {}>; ... 31 more ...; updatedAt: PgColumn<......': config, joinsNotNullableMap, tableName, isPartialSelect, and 5 more.
server/storage.ts(691,7): error TS2740: Type 'Omit<PgSelectBase<"users", { id: PgColumn<{ name: "id"; tableName: "users"; dataType: "number"; columnType: "PgSerial"; data: number; driverParam: number; notNull: true; hasDefault: true; isPrimaryKey: true; isAutoincrement: false; ... 4 more ...; generated: undefined; }, {}, {}>; ... 31 more ...; updatedAt: PgColum...' is missing the following properties from type 'PgSelectBase<"users", { id: PgColumn<{ name: "id"; tableName: "users"; dataType: "number"; columnType: "PgSerial"; data: number; driverParam: number; notNull: true; hasDefault: true; isPrimaryKey: true; isAutoincrement: false; ... 4 more ...; generated: undefined; }, {}, {}>; ... 31 more ...; updatedAt: PgColumn<......': config, joinsNotNullableMap, tableName, isPartialSelect, and 5 more.
server/storage.ts(694,7): error TS2740: Type 'Omit<PgSelectBase<"users", { id: PgColumn<{ name: "id"; tableName: "users"; dataType: "number"; columnType: "PgSerial"; data: number; driverParam: number; notNull: true; hasDefault: true; isPrimaryKey: true; isAutoincrement: false; ... 4 more ...; generated: undefined; }, {}, {}>; ... 31 more ...; updatedAt: PgColum...' is missing the following properties from type 'PgSelectBase<"users", { id: PgColumn<{ name: "id"; tableName: "users"; dataType: "number"; columnType: "PgSerial"; data: number; driverParam: number; notNull: true; hasDefault: true; isPrimaryKey: true; isAutoincrement: false; ... 4 more ...; generated: undefined; }, {}, {}>; ... 31 more ...; updatedAt: PgColumn<......': config, joinsNotNullableMap, tableName, isPartialSelect, and 5 more.
server/storage.ts(810,7): error TS2741: Property 'limit' is missing in type 'Omit<import("/home/fsociety/Codes/Super/node_modules/drizzle-orm/pg-core/query-builders/select").PgSelectBase<"tasks", { id: import("/home/fsociety/Codes/Super/node_modules/drizzle-orm/pg-core/columns/common").PgColumn<{ name: "id"; tableName: "tasks"; dataType: "number"; columnType: "PgSerial"; data: number; driver...' but required in type 'Omit<import("/home/fsociety/Codes/Super/node_modules/drizzle-orm/pg-core/query-builders/select").PgSelectBase<"tasks", { id: import("/home/fsociety/Codes/Super/node_modules/drizzle-orm/pg-core/columns/common").PgColumn<{ name: "id"; tableName: "tasks"; dataType: "number"; columnType: "PgSerial"; data: number; driver...'.
server/storage.ts(813,7): error TS2741: Property 'offset' is missing in type 'Omit<import("/home/fsociety/Codes/Super/node_modules/drizzle-orm/pg-core/query-builders/select").PgSelectBase<"tasks", { id: import("/home/fsociety/Codes/Super/node_modules/drizzle-orm/pg-core/columns/common").PgColumn<{ name: "id"; tableName: "tasks"; dataType: "number"; columnType: "PgSerial"; data: number; driver...' but required in type 'Omit<import("/home/fsociety/Codes/Super/node_modules/drizzle-orm/pg-core/query-builders/select").PgSelectBase<"tasks", { id: import("/home/fsociety/Codes/Super/node_modules/drizzle-orm/pg-core/columns/common").PgColumn<{ name: "id"; tableName: "tasks"; dataType: "number"; columnType: "PgSerial"; data: number; driver...'.
server/storage.ts(1082,23): error TS2741: Property 'limit' is missing in type 'Omit<import("/home/fsociety/Codes/Super/node_modules/drizzle-orm/pg-core/query-builders/select").PgSelectBase<"broadcasts", { id: import("/home/fsociety/Codes/Super/node_modules/drizzle-orm/pg-core/columns/common").PgColumn<{ name: "id"; tableName: "broadcasts"; dataType: "number"; columnType: "PgSerial"; data: numb...' but required in type 'Omit<import("/home/fsociety/Codes/Super/node_modules/drizzle-orm/pg-core/query-builders/select").PgSelectBase<"broadcasts", { id: import("/home/fsociety/Codes/Super/node_modules/drizzle-orm/pg-core/columns/common").PgColumn<{ name: "id"; tableName: "broadcasts"; dataType: "number"; columnType: "PgSerial"; data: numb...'.
server/storage.ts(1083,24): error TS2741: Property 'offset' is missing in type 'Omit<import("/home/fsociety/Codes/Super/node_modules/drizzle-orm/pg-core/query-builders/select").PgSelectBase<"broadcasts", { id: import("/home/fsociety/Codes/Super/node_modules/drizzle-orm/pg-core/columns/common").PgColumn<{ name: "id"; tableName: "broadcasts"; dataType: "number"; columnType: "PgSerial"; data: numb...' but required in type 'Omit<import("/home/fsociety/Codes/Super/node_modules/drizzle-orm/pg-core/query-builders/select").PgSelectBase<"broadcasts", { id: import("/home/fsociety/Codes/Super/node_modules/drizzle-orm/pg-core/columns/common").PgColumn<{ name: "id"; tableName: "broadcasts"; dataType: "number"; columnType: "PgSerial"; data: numb...'.
server/storage.ts(1291,7): error TS2740: Type 'Omit<PgSelectBase<"billing_transactions", { id: PgColumn<{ name: "id"; tableName: "billing_transactions"; dataType: "number"; columnType: "PgSerial"; data: number; driverParam: number; notNull: true; hasDefault: true; ... 6 more ...; generated: undefined; }, {}, {}>; ... 6 more ...; createdAt: PgColumn<...>; }, ... ...' is missing the following properties from type 'PgSelectBase<"billing_transactions", { id: PgColumn<{ name: "id"; tableName: "billing_transactions"; dataType: "number"; columnType: "PgSerial"; data: number; driverParam: number; notNull: true; hasDefault: true; ... 6 more ...; generated: undefined; }, {}, {}>; ... 6 more ...; createdAt: PgColumn<...>; }, ... 5 mor...': config, joinsNotNullableMap, tableName, isPartialSelect, and 5 more.
server/subscription.ts(74,17): error TS2339: Property 'title' does not exist on type 'ChatFromGetChat'.
  Property 'title' does not exist on type 'PrivateGetChat'.
server/subscription.ts(74,37): error TS2339: Property 'title' does not exist on type 'ChatFromGetChat'.
  Property 'title' does not exist on type 'PrivateGetChat'.
server/subscription.ts(75,17): error TS2339: Property 'username' does not exist on type 'ChatFromGetChat'.
  Property 'username' does not exist on type 'GroupGetChat'.
server/subscription.ts(76,53): error TS2339: Property 'username' does not exist on type 'ChatFromGetChat'.
  Property 'username' does not exist on type 'GroupGetChat'.
server/telegram-messages.ts(34,19): error TS2322: Type 'Hideable<WebAppButton>' is not assignable to type 'Hideable<CallbackButton>'.
  Property 'callback_data' is missing in type 'Hideable<WebAppButton>' but required in type 'CallbackButton'.
shared/routes.ts(127,11): error TS2322: Type 'boolean' is not assignable to type 'never'.
shared/routes.ts(136,11): error TS2322: Type 'boolean' is not assignable to type 'never'.
shared/routes.ts(137,11): error TS2322: Type 'boolean' is not assignable to type 'never'.
